{"uploaded_files":1,"rows_received":36280,"rows_valid":36274,"validation_errors":[{"index":18204,"errors":[{"type":"string_type","loc":["destination_id"],"msg":"Input should be a valid string","input":null,"url":"https://errors.pydantic.dev/2.12/v/string_type"},{"type":"string_type","loc":["destination"],"msg":"Input should be a valid string","input":null,"url":"https://errors.pydantic.dev/2.12/v/string_type"},{"type":"string_type","loc":["migration_action"],"msg":"Input should be a valid string","input":null,"url":"https://errors.pydantic.dev/2.12/v/string_type"}]},{"index":18205,"errors":[{"type":"string_type","loc":["destination_id"],"msg":"Input should be a valid string","input":null,"url":"https://errors.pydantic.dev/2.12/v/string_type"},{"type":"string_type","loc":["destination"],"msg":"Input should be a valid string","input":null,"url":"https://errors.pydantic.dev/2.12/v/string_type"},{"type":"string_type","loc":["migration_action"],"msg":"Input should be a valid string","input":null,"url":"https://errors.pydantic.dev/2.12/v/string_type"}]},{"index":18206,"errors":[{"type":"string_type","loc":["destination_id"],"msg":"Input should be a valid string","input":null,"url":"https://errors.pydantic.dev/2.12/v/string_type"},{"type":"string_type","loc":["destination"],"msg":"Input should be a valid string","input":null,"url":"https://errors.pydantic.dev/2.12/v/string_type"},{"type":"string_type","loc":["migration_action"],"msg":"Input should be a valid string","input":null,"url":"https://errors.pydantic.dev/2.12/v/string_type"}]},{"index":18207,"errors":[{"type":"string_type","loc":["destination_id"],"msg":"Input should be a valid string","input":null,"url":"https://errors.pydantic.dev/2.12/v/string_type"},{"type":"string_type","loc":["destination"],"msg":"Input should be a valid string","input":null,"url":"https://errors.pydantic.dev/2.12/v/string_type"},{"type":"string_type","loc":["migration_action"],"msg":"Input should be a valid string","input":null,"url":"https://errors.pydantic.dev/2.12/v/string_type"}]},{"index":29795,"errors":[{"type":"string_type","loc":["destination_id"],"msg":"Input should be a valid string","input":null,"url":"https://errors.pydantic.dev/2.12/v/string_type"},{"type":"string_type","loc":["destination"],"msg":"Input should be a valid string","input":null,"url":"https://errors.pydantic.dev/2.12/v/string_type"},{"type":"string_type","loc":["migration_action"],"msg":"Input should be a valid string","input":null,"url":"https://errors.pydantic.dev/2.12/v/string_type"}]},{"index":32080,"errors":[{"type":"string_type","loc":["destination_id"],"msg":"Input should be a valid string","input":null,"url":"https://errors.pydantic.dev/2.12/v/string_type"},{"type":"string_type","loc":["destination"],"msg":"Input should be a valid string","input":null,"url":"https://errors.pydantic.dev/2.12/v/string_type"},{"type":"string_type","loc":["migration_action"],"msg":"Input should be a valid string","input":null,"url":"https://errors.pydantic.dev/2.12/v/string_type"}]}],"downstream_status":201}